npm notice run temp-app@0.1.0 build
npm notice run next build
▲ Next.js 16.2.10 (Turbopack)
- Environments: .env

  Creating an optimized production build ...
✓ Compiled successfully in 6.3s
  Running TypeScript ...
  Finished TypeScript in 4.4s ...
  Collecting page data using 11 workers ...
  Generating static pages using 11 workers (0/15) ...
  Generating static pages using 11 workers (3/15) 
  Generating static pages using 11 workers (7/15) 
  Generating static pages using 11 workers (11/15) 
✓ Generating static pages using 11 workers (15/15) in 877ms
  Finalizing page optimization ...

Route (app)
┌ ○ /
├ ○ /_not-found
├ ○ /admin/dashboard
├ ƒ /api/auth/[...nextauth]
├ ƒ /api/projects
├ ƒ /api/register
├ ƒ /api/tasks
├ ○ /dashboard
├ ○ /divisi
├ ○ /kontak
├ ○ /login
├ ○ /project
├ ○ /register
└ ○ /tentang


○  (Static)   prerendered as static content
ƒ  (Dynamic)  server-rendered on demand

